Analysis & Synthesis report for main
Mon Apr 29 19:24:27 2024
Quartus Prime Version 23.1std.0 Build 991 11/28/2023 SC Lite Edition


---------------------
; Table of Contents ;
---------------------
  1. Legal Notice
  2. Analysis & Synthesis Summary
  3. Analysis & Synthesis Settings
  4. Parallel Compilation
  5. Analysis & Synthesis Source Files Read
  6. Analysis & Synthesis Resource Usage Summary
  7. Analysis & Synthesis Resource Utilization by Entity
  8. General Register Statistics
  9. Multiplexer Restructuring Statistics (Restructuring Performed)
 10. Post-Synthesis Netlist Statistics for Top Partition
 11. Elapsed Time Per Partition
 12. Analysis & Synthesis Messages
 13. Analysis & Synthesis Suppressed Messages



----------------
; Legal Notice ;
----------------
Copyright (C) 2023  Intel Corporation. All rights reserved.
Your use of Intel Corporation's design tools, logic functions 
and other software and tools, and any partner logic 
functions, and any output files from any of the foregoing 
(including device programming or simulation files), and any 
associated documentation or information are expressly subject 
to the terms and conditions of the Intel Program License 
Subscription Agreement, the Intel Quartus Prime License Agreement,
the Intel FPGA IP License Agreement, or other applicable license
agreement, including, without limitation, that your use is for
the sole purpose of programming logic devices manufactured by
Intel and sold by Intel or its authorized distributors.  Please
refer to the applicable agreement for further details, at
https://fpgasoftware.intel.com/eula.



+----------------------------------------------------------------------------------+
; Analysis & Synthesis Summary                                                     ;
+---------------------------------+------------------------------------------------+
; Analysis & Synthesis Status     ; Successful - Mon Apr 29 19:24:27 2024          ;
; Quartus Prime Version           ; 23.1std.0 Build 991 11/28/2023 SC Lite Edition ;
; Revision Name                   ; main                                           ;
; Top-level Entity Name           ; main                                           ;
; Family                          ; Cyclone V                                      ;
; Logic utilization (in ALMs)     ; N/A                                            ;
; Total registers                 ; 772                                            ;
; Total pins                      ; 397                                            ;
; Total virtual pins              ; 0                                              ;
; Total block memory bits         ; 0                                              ;
; Total DSP Blocks                ; 0                                              ;
; Total HSSI RX PCSs              ; 0                                              ;
; Total HSSI PMA RX Deserializers ; 0                                              ;
; Total HSSI TX PCSs              ; 0                                              ;
; Total HSSI PMA TX Serializers   ; 0                                              ;
; Total PLLs                      ; 0                                              ;
; Total DLLs                      ; 0                                              ;
+---------------------------------+------------------------------------------------+


+---------------------------------------------------------------------------------------------------------------------------+
; Analysis & Synthesis Settings                                                                                             ;
+---------------------------------------------------------------------------------+--------------------+--------------------+
; Option                                                                          ; Setting            ; Default Value      ;
+---------------------------------------------------------------------------------+--------------------+--------------------+
; Device                                                                          ; 5CSEMA5F31C6       ;                    ;
; Top-level entity name                                                           ; main               ; main               ;
; Family name                                                                     ; Cyclone V          ; Cyclone V          ;
; Use smart compilation                                                           ; Off                ; Off                ;
; Enable parallel Assembler and Timing Analyzer during compilation                ; On                 ; On                 ;
; Enable compact report table                                                     ; Off                ; Off                ;
; Restructure Multiplexers                                                        ; Auto               ; Auto               ;
; MLAB Add Timing Constraints For Mixed-Port Feed-Through Mode Setting Don't Care ; Off                ; Off                ;
; Create Debugging Nodes for IP Cores                                             ; Off                ; Off                ;
; Preserve fewer node names                                                       ; On                 ; On                 ;
; Intel FPGA IP Evaluation Mode                                                   ; Enable             ; Enable             ;
; Verilog Version                                                                 ; Verilog_2001       ; Verilog_2001       ;
; VHDL Version                                                                    ; VHDL_1993          ; VHDL_1993          ;
; State Machine Processing                                                        ; Auto               ; Auto               ;
; Safe State Machine                                                              ; Off                ; Off                ;
; Extract Verilog State Machines                                                  ; On                 ; On                 ;
; Extract VHDL State Machines                                                     ; On                 ; On                 ;
; Ignore Verilog initial constructs                                               ; Off                ; Off                ;
; Iteration limit for constant Verilog loops                                      ; 5000               ; 5000               ;
; Iteration limit for non-constant Verilog loops                                  ; 250                ; 250                ;
; Add Pass-Through Logic to Inferred RAMs                                         ; On                 ; On                 ;
; Infer RAMs from Raw Logic                                                       ; On                 ; On                 ;
; Parallel Synthesis                                                              ; On                 ; On                 ;
; DSP Block Balancing                                                             ; Auto               ; Auto               ;
; NOT Gate Push-Back                                                              ; On                 ; On                 ;
; Power-Up Don't Care                                                             ; On                 ; On                 ;
; Remove Redundant Logic Cells                                                    ; Off                ; Off                ;
; Remove Duplicate Registers                                                      ; On                 ; On                 ;
; Ignore CARRY Buffers                                                            ; Off                ; Off                ;
; Ignore CASCADE Buffers                                                          ; Off                ; Off                ;
; Ignore GLOBAL Buffers                                                           ; Off                ; Off                ;
; Ignore ROW GLOBAL Buffers                                                       ; Off                ; Off                ;
; Ignore LCELL Buffers                                                            ; Off                ; Off                ;
; Ignore SOFT Buffers                                                             ; On                 ; On                 ;
; Limit AHDL Integers to 32 Bits                                                  ; Off                ; Off                ;
; Optimization Technique                                                          ; Balanced           ; Balanced           ;
; Carry Chain Length                                                              ; 70                 ; 70                 ;
; Auto Carry Chains                                                               ; On                 ; On                 ;
; Auto Open-Drain Pins                                                            ; On                 ; On                 ;
; Perform WYSIWYG Primitive Resynthesis                                           ; Off                ; Off                ;
; Auto ROM Replacement                                                            ; On                 ; On                 ;
; Auto RAM Replacement                                                            ; On                 ; On                 ;
; Auto DSP Block Replacement                                                      ; On                 ; On                 ;
; Auto Shift Register Replacement                                                 ; Auto               ; Auto               ;
; Allow Shift Register Merging across Hierarchies                                 ; Auto               ; Auto               ;
; Auto Clock Enable Replacement                                                   ; On                 ; On                 ;
; Strict RAM Replacement                                                          ; Off                ; Off                ;
; Allow Synchronous Control Signals                                               ; On                 ; On                 ;
; Force Use of Synchronous Clear Signals                                          ; Off                ; Off                ;
; Auto Resource Sharing                                                           ; Off                ; Off                ;
; Allow Any RAM Size For Recognition                                              ; Off                ; Off                ;
; Allow Any ROM Size For Recognition                                              ; Off                ; Off                ;
; Allow Any Shift Register Size For Recognition                                   ; Off                ; Off                ;
; Use LogicLock Constraints during Resource Balancing                             ; On                 ; On                 ;
; Ignore translate_off and synthesis_off directives                               ; Off                ; Off                ;
; Timing-Driven Synthesis                                                         ; On                 ; On                 ;
; Report Parameter Settings                                                       ; On                 ; On                 ;
; Report Source Assignments                                                       ; On                 ; On                 ;
; Report Connectivity Checks                                                      ; On                 ; On                 ;
; Ignore Maximum Fan-Out Assignments                                              ; Off                ; Off                ;
; Synchronization Register Chain Length                                           ; 3                  ; 3                  ;
; Power Optimization During Synthesis                                             ; Normal compilation ; Normal compilation ;
; HDL message level                                                               ; Level2             ; Level2             ;
; Suppress Register Optimization Related Messages                                 ; Off                ; Off                ;
; Number of Removed Registers Reported in Synthesis Report                        ; 5000               ; 5000               ;
; Number of Swept Nodes Reported in Synthesis Report                              ; 5000               ; 5000               ;
; Number of Inverted Registers Reported in Synthesis Report                       ; 100                ; 100                ;
; Clock MUX Protection                                                            ; On                 ; On                 ;
; Auto Gated Clock Conversion                                                     ; Off                ; Off                ;
; Block Design Naming                                                             ; Auto               ; Auto               ;
; SDC constraint protection                                                       ; Off                ; Off                ;
; Synthesis Effort                                                                ; Auto               ; Auto               ;
; Shift Register Replacement - Allow Asynchronous Clear Signal                    ; On                 ; On                 ;
; Pre-Mapping Resynthesis Optimization                                            ; Off                ; Off                ;
; Analysis & Synthesis Message Level                                              ; Medium             ; Medium             ;
; Disable Register Merging Across Hierarchies                                     ; Auto               ; Auto               ;
; Resource Aware Inference For Block RAM                                          ; On                 ; On                 ;
; Automatic Parallel Synthesis                                                    ; On                 ; On                 ;
; Partial Reconfiguration Bitstream ID                                            ; Off                ; Off                ;
+---------------------------------------------------------------------------------+--------------------+--------------------+


+------------------------------------------+
; Parallel Compilation                     ;
+----------------------------+-------------+
; Processors                 ; Number      ;
+----------------------------+-------------+
; Number detected on machine ; 20          ;
; Maximum allowed            ; 14          ;
;                            ;             ;
; Average used               ; 1.00        ;
; Maximum used               ; 14          ;
;                            ;             ;
; Usage by Processor         ; % Time Used ;
;     Processor 1            ; 100.0%      ;
;     Processor 2            ;   0.0%      ;
;     Processor 3            ;   0.0%      ;
;     Processor 4            ;   0.0%      ;
;     Processor 5            ;   0.0%      ;
;     Processor 6            ;   0.0%      ;
;     Processor 7            ;   0.0%      ;
;     Processors 8-14        ;   0.0%      ;
+----------------------------+-------------+


+---------------------------------------------------------------------------------------------------------------------------------------------------------------------------------------+
; Analysis & Synthesis Source Files Read                                                                                                                                                ;
+----------------------------------+-----------------+------------------------------+-----------------------------------------------------------------------------------------+---------+
; File Name with User-Entered Path ; Used in Netlist ; File Type                    ; File Name with Absolute Path                                                            ; Library ;
+----------------------------------+-----------------+------------------------------+-----------------------------------------------------------------------------------------+---------+
; main.v                           ; yes             ; User Verilog HDL File        ; C:/Users/LAPTOP/OneDrive/Desktop/1_St Year/Second term/Adv logic/project/main.v         ;         ;
; ShiftRows.v                      ; yes             ; Auto-Found Verilog HDL File  ; C:/Users/LAPTOP/OneDrive/Desktop/1_St Year/Second term/Adv logic/project/ShiftRows.v    ;         ;
; SubBytes.v                       ; yes             ; Auto-Found Verilog HDL File  ; C:/Users/LAPTOP/OneDrive/Desktop/1_St Year/Second term/Adv logic/project/SubBytes.v     ;         ;
; display.v                        ; yes             ; Auto-Found Verilog HDL File  ; C:/Users/LAPTOP/OneDrive/Desktop/1_St Year/Second term/Adv logic/project/display.v      ;         ;
; MixColumns.v                     ; yes             ; Auto-Found Verilog HDL File  ; C:/Users/LAPTOP/OneDrive/Desktop/1_St Year/Second term/Adv logic/project/MixColumns.v   ;         ;
; AddRoundKey.v                    ; yes             ; Auto-Found Verilog HDL File  ; C:/Users/LAPTOP/OneDrive/Desktop/1_St Year/Second term/Adv logic/project/AddRoundKey.v  ;         ;
; KeyExpansion.v                   ; yes             ; Auto-Found Verilog HDL File  ; C:/Users/LAPTOP/OneDrive/Desktop/1_St Year/Second term/Adv logic/project/KeyExpansion.v ;         ;
+----------------------------------+-----------------+------------------------------+-----------------------------------------------------------------------------------------+---------+


+---------------------------------------------------------+
; Analysis & Synthesis Resource Usage Summary             ;
+---------------------------------------------+-----------+
; Resource                                    ; Usage     ;
+---------------------------------------------+-----------+
; Estimate of Logic utilization (ALMs needed) ; 3606      ;
;                                             ;           ;
; Combinational ALUT usage for logic          ; 4283      ;
;     -- 7 input functions                    ; 113       ;
;     -- 6 input functions                    ; 2801      ;
;     -- 5 input functions                    ; 231       ;
;     -- 4 input functions                    ; 283       ;
;     -- <=3 input functions                  ; 855       ;
;                                             ;           ;
; Dedicated logic registers                   ; 772       ;
;                                             ;           ;
; I/O pins                                    ; 397       ;
;                                             ;           ;
; Total DSP Blocks                            ; 0         ;
;                                             ;           ;
; Maximum fan-out node                        ; clk~input ;
; Maximum fan-out                             ; 772       ;
; Total fan-out                               ; 25266     ;
; Average fan-out                             ; 4.32      ;
+---------------------------------------------+-----------+


+---------------------------------------------------------------------------------------------------------------------------------------------------------------------------------------------+
; Analysis & Synthesis Resource Utilization by Entity                                                                                                                                         ;
+----------------------------+---------------------+---------------------------+-------------------+------------+------+--------------+------------------------+---------------+--------------+
; Compilation Hierarchy Node ; Combinational ALUTs ; Dedicated Logic Registers ; Block Memory Bits ; DSP Blocks ; Pins ; Virtual Pins ; Full Hierarchy Name    ; Entity Name   ; Library Name ;
+----------------------------+---------------------+---------------------------+-------------------+------------+------+--------------+------------------------+---------------+--------------+
; |main                      ; 4283 (779)          ; 772 (772)                 ; 0                 ; 0          ; 397  ; 0            ; |main                  ; main          ; work         ;
;    |AddRoundKey:AK|        ; 128 (128)           ; 0 (0)                     ; 0                 ; 0          ; 0    ; 0            ; |main|AddRoundKey:AK   ; AddRoundKey   ; work         ;
;    |AddRoundKey:o1|        ; 128 (128)           ; 0 (0)                     ; 0                 ; 0          ; 0    ; 0            ; |main|AddRoundKey:o1   ; AddRoundKey   ; work         ;
;    |KeyExpansion:kr|       ; 2444 (2444)         ; 0 (0)                     ; 0                 ; 0          ; 0    ; 0            ; |main|KeyExpansion:kr  ; KeyExpansion  ; work         ;
;    |MixColumns:mc|         ; 152 (152)           ; 0 (0)                     ; 0                 ; 0          ; 0    ; 0            ; |main|MixColumns:mc    ; MixColumns    ; work         ;
;    |SubBytes:su|           ; 640 (640)           ; 0 (0)                     ; 0                 ; 0          ; 0    ; 0            ; |main|SubBytes:su      ; SubBytes      ; work         ;
;    |binary_to_bcd:DS|      ; 12 (12)             ; 0 (0)                     ; 0                 ; 0          ; 0    ; 0            ; |main|binary_to_bcd:DS ; binary_to_bcd ; work         ;
+----------------------------+---------------------+---------------------------+-------------------+------------+------+--------------+------------------------+---------------+--------------+
Note: For table entries with two numbers listed, the numbers in parentheses indicate the number of resources of the given type used by the specific entity alone. The numbers listed outside of parentheses indicate the total resources of the given type used by the specific entity and all of its sub-entities in the hierarchy.


+------------------------------------------------------+
; General Register Statistics                          ;
+----------------------------------------------+-------+
; Statistic                                    ; Value ;
+----------------------------------------------+-------+
; Total registers                              ; 772   ;
; Number of registers using Synchronous Clear  ; 0     ;
; Number of registers using Synchronous Load   ; 256   ;
; Number of registers using Asynchronous Clear ; 0     ;
; Number of registers using Asynchronous Load  ; 0     ;
; Number of registers using Clock Enable       ; 768   ;
; Number of registers using Preset             ; 0     ;
+----------------------------------------------+-------+


+------------------------------------------------------------------------------------------------------------------------------------------+
; Multiplexer Restructuring Statistics (Restructuring Performed)                                                                           ;
+--------------------+-----------+---------------+----------------------+------------------------+------------+----------------------------+
; Multiplexer Inputs ; Bus Width ; Baseline Area ; Area if Restructured ; Saving if Restructured ; Registered ; Example Multiplexer Output ;
+--------------------+-----------+---------------+----------------------+------------------------+------------+----------------------------+
; 3:1                ; 128 bits  ; 256 LEs       ; 0 LEs                ; 256 LEs                ; Yes        ; |main|SubBytesIn[25]       ;
; 4:1                ; 128 bits  ; 256 LEs       ; 0 LEs                ; 256 LEs                ; Yes        ; |main|AddRoundKeyIn[12]    ;
; 17:1               ; 128 bits  ; 1408 LEs      ; 896 LEs              ; 512 LEs                ; Yes        ; |main|Current_key[24]      ;
+--------------------+-----------+---------------+----------------------+------------------------+------------+----------------------------+


+-----------------------------------------------------+
; Post-Synthesis Netlist Statistics for Top Partition ;
+-----------------------+-----------------------------+
; Type                  ; Count                       ;
+-----------------------+-----------------------------+
; arriav_ff             ; 772                         ;
;     ENA               ; 512                         ;
;     ENA SLD           ; 256                         ;
;     plain             ; 4                           ;
; arriav_lcell_comb     ; 4287                        ;
;     extend            ; 113                         ;
;         7 data inputs ; 113                         ;
;     normal            ; 4174                        ;
;         0 data inputs ; 1                           ;
;         1 data inputs ; 3                           ;
;         2 data inputs ; 542                         ;
;         3 data inputs ; 313                         ;
;         4 data inputs ; 283                         ;
;         5 data inputs ; 231                         ;
;         6 data inputs ; 2801                        ;
; boundary_port         ; 397                         ;
;                       ;                             ;
; Max LUT depth         ; 32.00                       ;
; Average LUT depth     ; 18.43                       ;
+-----------------------+-----------------------------+


+-------------------------------+
; Elapsed Time Per Partition    ;
+----------------+--------------+
; Partition Name ; Elapsed Time ;
+----------------+--------------+
; Top            ; 00:00:15     ;
+----------------+--------------+


+-------------------------------+
; Analysis & Synthesis Messages ;
+-------------------------------+
Info: *******************************************************************
Info: Running Quartus Prime Analysis & Synthesis
    Info: Version 23.1std.0 Build 991 11/28/2023 SC Lite Edition
    Info: Processing started: Mon Apr 29 19:24:05 2024
Info: Command: quartus_map --read_settings_files=on --write_settings_files=off main -c main
Warning (18236): Number of processors has not been specified which may cause overloading on shared machines.  Set the global assignment NUM_PARALLEL_PROCESSORS in your QSF to an appropriate value for best performance.
Info (20030): Parallel compilation is enabled and will use 14 of the 14 processors detected
Info (12021): Found 8 design units, including 8 entities, in source file main.v
    Info (12023): Found entity 1: ShiftRows File: C:/Users/LAPTOP/OneDrive/Desktop/1_St Year/Second term/Adv logic/project/ShiftRows.v Line: 1
    Info (12023): Found entity 2: SubBytes File: C:/Users/LAPTOP/OneDrive/Desktop/1_St Year/Second term/Adv logic/project/SubBytes.v Line: 2
    Info (12023): Found entity 3: binary_to_bcd File: C:/Users/LAPTOP/OneDrive/Desktop/1_St Year/Second term/Adv logic/project/display.v Line: 1
    Info (12023): Found entity 4: seven_seg File: C:/Users/LAPTOP/OneDrive/Desktop/1_St Year/Second term/Adv logic/project/display.v Line: 33
    Info (12023): Found entity 5: MixColumns File: C:/Users/LAPTOP/OneDrive/Desktop/1_St Year/Second term/Adv logic/project/MixColumns.v Line: 1
    Info (12023): Found entity 6: AddRoundKey File: C:/Users/LAPTOP/OneDrive/Desktop/1_St Year/Second term/Adv logic/project/AddRoundKey.v Line: 1
    Info (12023): Found entity 7: KeyExpansion File: C:/Users/LAPTOP/OneDrive/Desktop/1_St Year/Second term/Adv logic/project/KeyExpansion.v Line: 2
    Info (12023): Found entity 8: main File: C:/Users/LAPTOP/OneDrive/Desktop/1_St Year/Second term/Adv logic/project/main.v Line: 8
Info (12127): Elaborating entity "main" for the top level hierarchy
Warning (10230): Verilog HDL assignment warning at main.v(44): truncated value with size 32 to match size of target (4) File: C:/Users/LAPTOP/OneDrive/Desktop/1_St Year/Second term/Adv logic/project/main.v Line: 44
Info (12128): Elaborating entity "KeyExpansion" for hierarchy "KeyExpansion:kr" File: C:/Users/LAPTOP/OneDrive/Desktop/1_St Year/Second term/Adv logic/project/main.v Line: 28
Info (12128): Elaborating entity "AddRoundKey" for hierarchy "AddRoundKey:o1" File: C:/Users/LAPTOP/OneDrive/Desktop/1_St Year/Second term/Adv logic/project/main.v Line: 29
Warning (10235): Verilog HDL Always Construct warning at AddRoundKey.v(7): variable "Key" is read inside the Always Construct but isn't in the Always Construct's Event Control File: C:/Users/LAPTOP/OneDrive/Desktop/1_St Year/Second term/Adv logic/project/AddRoundKey.v Line: 7
Info (12128): Elaborating entity "SubBytes" for hierarchy "SubBytes:su" File: C:/Users/LAPTOP/OneDrive/Desktop/1_St Year/Second term/Adv logic/project/main.v Line: 91
Info (12128): Elaborating entity "ShiftRows" for hierarchy "ShiftRows:sr" File: C:/Users/LAPTOP/OneDrive/Desktop/1_St Year/Second term/Adv logic/project/main.v Line: 92
Info (12128): Elaborating entity "MixColumns" for hierarchy "MixColumns:mc" File: C:/Users/LAPTOP/OneDrive/Desktop/1_St Year/Second term/Adv logic/project/main.v Line: 93
Info (12128): Elaborating entity "binary_to_bcd" for hierarchy "binary_to_bcd:DS" File: C:/Users/LAPTOP/OneDrive/Desktop/1_St Year/Second term/Adv logic/project/main.v Line: 95
Warning (10230): Verilog HDL assignment warning at display.v(16): truncated value with size 32 to match size of target (4) File: C:/Users/LAPTOP/OneDrive/Desktop/1_St Year/Second term/Adv logic/project/display.v Line: 16
Warning (10230): Verilog HDL assignment warning at display.v(19): truncated value with size 32 to match size of target (4) File: C:/Users/LAPTOP/OneDrive/Desktop/1_St Year/Second term/Adv logic/project/display.v Line: 19
Info (276014): Found 40 instances of uninferred RAM logic
    Info (276007): RAM logic "KeyExpansion:kr|Ram0" is uninferred due to asynchronous read logic File: C:/Users/LAPTOP/OneDrive/Desktop/1_St Year/Second term/Adv logic/project/KeyExpansion.v Line: 31
    Info (276007): RAM logic "KeyExpansion:kr|Ram1" is uninferred due to asynchronous read logic File: C:/Users/LAPTOP/OneDrive/Desktop/1_St Year/Second term/Adv logic/project/KeyExpansion.v Line: 31
    Info (276007): RAM logic "KeyExpansion:kr|Ram2" is uninferred due to asynchronous read logic File: C:/Users/LAPTOP/OneDrive/Desktop/1_St Year/Second term/Adv logic/project/KeyExpansion.v Line: 31
    Info (276007): RAM logic "KeyExpansion:kr|Ram3" is uninferred due to asynchronous read logic File: C:/Users/LAPTOP/OneDrive/Desktop/1_St Year/Second term/Adv logic/project/KeyExpansion.v Line: 31
    Info (276007): RAM logic "KeyExpansion:kr|Ram4" is uninferred due to asynchronous read logic File: C:/Users/LAPTOP/OneDrive/Desktop/1_St Year/Second term/Adv logic/project/KeyExpansion.v Line: 31
    Info (276007): RAM logic "KeyExpansion:kr|Ram5" is uninferred due to asynchronous read logic File: C:/Users/LAPTOP/OneDrive/Desktop/1_St Year/Second term/Adv logic/project/KeyExpansion.v Line: 31
    Info (276007): RAM logic "KeyExpansion:kr|Ram6" is uninferred due to asynchronous read logic File: C:/Users/LAPTOP/OneDrive/Desktop/1_St Year/Second term/Adv logic/project/KeyExpansion.v Line: 31
    Info (276007): RAM logic "KeyExpansion:kr|Ram7" is uninferred due to asynchronous read logic File: C:/Users/LAPTOP/OneDrive/Desktop/1_St Year/Second term/Adv logic/project/KeyExpansion.v Line: 31
    Info (276007): RAM logic "KeyExpansion:kr|Ram8" is uninferred due to asynchronous read logic File: C:/Users/LAPTOP/OneDrive/Desktop/1_St Year/Second term/Adv logic/project/KeyExpansion.v Line: 31
    Info (276007): RAM logic "KeyExpansion:kr|Ram9" is uninferred due to asynchronous read logic File: C:/Users/LAPTOP/OneDrive/Desktop/1_St Year/Second term/Adv logic/project/KeyExpansion.v Line: 31
    Info (276007): RAM logic "KeyExpansion:kr|Ram10" is uninferred due to asynchronous read logic File: C:/Users/LAPTOP/OneDrive/Desktop/1_St Year/Second term/Adv logic/project/KeyExpansion.v Line: 31
    Info (276007): RAM logic "KeyExpansion:kr|Ram11" is uninferred due to asynchronous read logic File: C:/Users/LAPTOP/OneDrive/Desktop/1_St Year/Second term/Adv logic/project/KeyExpansion.v Line: 31
    Info (276007): RAM logic "KeyExpansion:kr|Ram12" is uninferred due to asynchronous read logic File: C:/Users/LAPTOP/OneDrive/Desktop/1_St Year/Second term/Adv logic/project/KeyExpansion.v Line: 31
    Info (276007): RAM logic "KeyExpansion:kr|Ram13" is uninferred due to asynchronous read logic File: C:/Users/LAPTOP/OneDrive/Desktop/1_St Year/Second term/Adv logic/project/KeyExpansion.v Line: 31
    Info (276007): RAM logic "KeyExpansion:kr|Ram14" is uninferred due to asynchronous read logic File: C:/Users/LAPTOP/OneDrive/Desktop/1_St Year/Second term/Adv logic/project/KeyExpansion.v Line: 31
    Info (276007): RAM logic "KeyExpansion:kr|Ram15" is uninferred due to asynchronous read logic File: C:/Users/LAPTOP/OneDrive/Desktop/1_St Year/Second term/Adv logic/project/KeyExpansion.v Line: 31
    Info (276007): RAM logic "KeyExpansion:kr|Ram16" is uninferred due to asynchronous read logic File: C:/Users/LAPTOP/OneDrive/Desktop/1_St Year/Second term/Adv logic/project/KeyExpansion.v Line: 31
    Info (276007): RAM logic "KeyExpansion:kr|Ram17" is uninferred due to asynchronous read logic File: C:/Users/LAPTOP/OneDrive/Desktop/1_St Year/Second term/Adv logic/project/KeyExpansion.v Line: 31
    Info (276007): RAM logic "KeyExpansion:kr|Ram18" is uninferred due to asynchronous read logic File: C:/Users/LAPTOP/OneDrive/Desktop/1_St Year/Second term/Adv logic/project/KeyExpansion.v Line: 31
    Info (276007): RAM logic "KeyExpansion:kr|Ram19" is uninferred due to asynchronous read logic File: C:/Users/LAPTOP/OneDrive/Desktop/1_St Year/Second term/Adv logic/project/KeyExpansion.v Line: 31
    Info (276007): RAM logic "KeyExpansion:kr|Ram20" is uninferred due to asynchronous read logic File: C:/Users/LAPTOP/OneDrive/Desktop/1_St Year/Second term/Adv logic/project/KeyExpansion.v Line: 31
    Info (276007): RAM logic "KeyExpansion:kr|Ram21" is uninferred due to asynchronous read logic File: C:/Users/LAPTOP/OneDrive/Desktop/1_St Year/Second term/Adv logic/project/KeyExpansion.v Line: 31
    Info (276007): RAM logic "KeyExpansion:kr|Ram22" is uninferred due to asynchronous read logic File: C:/Users/LAPTOP/OneDrive/Desktop/1_St Year/Second term/Adv logic/project/KeyExpansion.v Line: 31
    Info (276007): RAM logic "KeyExpansion:kr|Ram23" is uninferred due to asynchronous read logic File: C:/Users/LAPTOP/OneDrive/Desktop/1_St Year/Second term/Adv logic/project/KeyExpansion.v Line: 31
    Info (276007): RAM logic "KeyExpansion:kr|Ram24" is uninferred due to asynchronous read logic File: C:/Users/LAPTOP/OneDrive/Desktop/1_St Year/Second term/Adv logic/project/KeyExpansion.v Line: 31
    Info (276007): RAM logic "KeyExpansion:kr|Ram25" is uninferred due to asynchronous read logic File: C:/Users/LAPTOP/OneDrive/Desktop/1_St Year/Second term/Adv logic/project/KeyExpansion.v Line: 31
    Info (276007): RAM logic "KeyExpansion:kr|Ram26" is uninferred due to asynchronous read logic File: C:/Users/LAPTOP/OneDrive/Desktop/1_St Year/Second term/Adv logic/project/KeyExpansion.v Line: 31
    Info (276007): RAM logic "KeyExpansion:kr|Ram27" is uninferred due to asynchronous read logic File: C:/Users/LAPTOP/OneDrive/Desktop/1_St Year/Second term/Adv logic/project/KeyExpansion.v Line: 31
    Info (276007): RAM logic "KeyExpansion:kr|Ram28" is uninferred due to asynchronous read logic File: C:/Users/LAPTOP/OneDrive/Desktop/1_St Year/Second term/Adv logic/project/KeyExpansion.v Line: 31
    Info (276007): RAM logic "KeyExpansion:kr|Ram29" is uninferred due to asynchronous read logic File: C:/Users/LAPTOP/OneDrive/Desktop/1_St Year/Second term/Adv logic/project/KeyExpansion.v Line: 31
    Info (276007): RAM logic "KeyExpansion:kr|Ram30" is uninferred due to asynchronous read logic File: C:/Users/LAPTOP/OneDrive/Desktop/1_St Year/Second term/Adv logic/project/KeyExpansion.v Line: 31
    Info (276007): RAM logic "KeyExpansion:kr|Ram31" is uninferred due to asynchronous read logic File: C:/Users/LAPTOP/OneDrive/Desktop/1_St Year/Second term/Adv logic/project/KeyExpansion.v Line: 31
    Info (276007): RAM logic "KeyExpansion:kr|Ram32" is uninferred due to asynchronous read logic File: C:/Users/LAPTOP/OneDrive/Desktop/1_St Year/Second term/Adv logic/project/KeyExpansion.v Line: 31
    Info (276007): RAM logic "KeyExpansion:kr|Ram33" is uninferred due to asynchronous read logic File: C:/Users/LAPTOP/OneDrive/Desktop/1_St Year/Second term/Adv logic/project/KeyExpansion.v Line: 31
    Info (276007): RAM logic "KeyExpansion:kr|Ram34" is uninferred due to asynchronous read logic File: C:/Users/LAPTOP/OneDrive/Desktop/1_St Year/Second term/Adv logic/project/KeyExpansion.v Line: 31
    Info (276007): RAM logic "KeyExpansion:kr|Ram35" is uninferred due to asynchronous read logic File: C:/Users/LAPTOP/OneDrive/Desktop/1_St Year/Second term/Adv logic/project/KeyExpansion.v Line: 31
    Info (276007): RAM logic "KeyExpansion:kr|Ram36" is uninferred due to asynchronous read logic File: C:/Users/LAPTOP/OneDrive/Desktop/1_St Year/Second term/Adv logic/project/KeyExpansion.v Line: 31
    Info (276007): RAM logic "KeyExpansion:kr|Ram37" is uninferred due to asynchronous read logic File: C:/Users/LAPTOP/OneDrive/Desktop/1_St Year/Second term/Adv logic/project/KeyExpansion.v Line: 31
    Info (276007): RAM logic "KeyExpansion:kr|Ram38" is uninferred due to asynchronous read logic File: C:/Users/LAPTOP/OneDrive/Desktop/1_St Year/Second term/Adv logic/project/KeyExpansion.v Line: 31
    Info (276007): RAM logic "KeyExpansion:kr|Ram39" is uninferred due to asynchronous read logic File: C:/Users/LAPTOP/OneDrive/Desktop/1_St Year/Second term/Adv logic/project/KeyExpansion.v Line: 31
Warning (13024): Output pins are stuck at VCC or GND
    Warning (13410): Pin "state_disp[10]" is stuck at GND File: C:/Users/LAPTOP/OneDrive/Desktop/1_St Year/Second term/Adv logic/project/main.v Line: 8
    Warning (13410): Pin "state_disp[11]" is stuck at GND File: C:/Users/LAPTOP/OneDrive/Desktop/1_St Year/Second term/Adv logic/project/main.v Line: 8
Info (286030): Timing-Driven Synthesis is running
Info (144001): Generated suppressed messages file C:/Users/LAPTOP/OneDrive/Desktop/1_St Year/Second term/Adv logic/project/output_files/main.map.smsg
Info (16010): Generating hard_block partition "hard_block:auto_generated_inst"
    Info (16011): Adding 0 node(s), including 0 DDIO, 0 PLL, 0 transceiver and 0 LCELL
Info (21057): Implemented 4936 device resources after synthesis - the final resource count might be different
    Info (21058): Implemented 257 input pins
    Info (21059): Implemented 140 output pins
    Info (21061): Implemented 4539 logic cells
Info: Quartus Prime Analysis & Synthesis was successful. 0 errors, 8 warnings
    Info: Peak virtual memory: 4903 megabytes
    Info: Processing ended: Mon Apr 29 19:24:27 2024
    Info: Elapsed time: 00:00:22
    Info: Total CPU time (on all processors): 00:00:09


+------------------------------------------+
; Analysis & Synthesis Suppressed Messages ;
+------------------------------------------+
The suppressed messages can be found in C:/Users/LAPTOP/OneDrive/Desktop/1_St Year/Second term/Adv logic/project/output_files/main.map.smsg.


